npm : npm warn config optional Use `--omit=optional` to exclude optional dependencies, or
At line:1 char:38
+ ... udyr\apps\mydetailarea; npm run build > build-output.txt 2>&1; Get-Co ...
+                             ~~~~~~~~~~~~~~~~~~~~~~~~~~~~~~~~~~~~~
    + CategoryInfo          : NotSpecified: (npm warn config...ependencies, or:String) [], RemoteException
    + FullyQualifiedErrorId : NativeCommandError
 
npm warn config `--include=optional` to include them.
npm warn config
npm warn config       Default value does install optional deps unless otherwise omitted.

> vite_react_shadcn_ts@1.3.36 prebuild
> node scripts/generate-version.js

Γ£à Updated APP_VERSION in i18n.ts to 1.3.36
Γ£à Version file generated:
{
  "version": "1.3.36",
  "buildTime": "2025-11-17T20:05:07.686Z",
  "buildTimestamp": 1763409907686,
  "gitCommit": "78413dd",
  "gitBranch": "main",
  "buildNumber": "1763409907764",
  "environment": "production"
}

> vite_react_shadcn_ts@1.3.36 build
> vite build

[36mvite v6.4.1 [32mbuilding for production...[36m[39m
transforming...
[32mΓ£ô[39m 5230 modules transformed.
[33m[plugin vite:resolve] Module "fs" has been externalized for browser compatibility, imported by 
"C:/Users/rudyr/apps/mydetailarea/node_modules/@techstark/opencv-js/dist/opencv.js". See 
https://vite.dev/guide/troubleshooting.html#module-externalized-for-browser-compatibility for more details.[39m
[33m[plugin vite:resolve] Module "path" has been externalized for browser compatibility, imported by 
"C:/Users/rudyr/apps/mydetailarea/node_modules/@techstark/opencv-js/dist/opencv.js". See 
https://vite.dev/guide/troubleshooting.html#module-externalized-for-browser-compatibility for more details.[39m
[33m[plugin vite:resolve] Module "crypto" has been externalized for browser compatibility, imported by 
"C:/Users/rudyr/apps/mydetailarea/node_modules/@techstark/opencv-js/dist/opencv.js". See 
https://vite.dev/guide/troubleshooting.html#module-externalized-for-browser-compatibility for more details.[39m
[33mGenerated an empty chunk: "fabric-canvas".[39m
[33mGenerated an empty chunk: "opencv".[39m
[33mGenerated an empty chunk: "huggingface".[39m
rendering chunks...
[33m[plugin vite:reporter] 
(!) C:/Users/rudyr/apps/mydetailarea/src/integrations/supabase/client.ts is dynamically imported by 
C:/Users/rudyr/apps/mydetailarea/src/pages/Profile.tsx, C:/Users/rudyr/apps/mydetailarea/src/pages/Profile.tsx but 
also statically imported by C:/Users/rudyr/apps/mydetailarea/src/components/admin/CreateSystemUserModal.tsx, 
C:/Users/rudyr/apps/mydetailarea/src/components/admin/DealershipManagement.tsx, 
C:/Users/rudyr/apps/mydetailarea/src/components/admin/EditAllowedModulesModal.tsx, 
C:/Users/rudyr/apps/mydetailarea/src/components/admin/SystemUsersManagement.tsx, 
C:/Users/rudyr/apps/mydetailarea/src/components/attachments/AttachmentsList.tsx, 
C:/Users/rudyr/apps/mydetailarea/src/components/chat/ConversationList.tsx, 
C:/Users/rudyr/apps/mydetailarea/src/components/contacts/ContactModal.tsx, 
C:/Users/rudyr/apps/mydetailarea/src/components/contacts/ImportContactsDialog.tsx, 
C:/Users/rudyr/apps/mydetailarea/src/components/dealer/CreateRoleModal.tsx, 
C:/Users/rudyr/apps/mydetailarea/src/components/dealer/DealerModules.tsx, 
C:/Users/rudyr/apps/mydetailarea/src/components/dealer/DealerOverview.tsx, 
C:/Users/rudyr/apps/mydetailarea/src/components/dealer/DealerRoles.tsx, 
C:/Users/rudyr/apps/mydetailarea/src/components/dealer/DealerServices.tsx, 
C:/Users/rudyr/apps/mydetailarea/src/components/dealer/DealerUsers.tsx, 
C:/Users/rudyr/apps/mydetailarea/src/components/dealer/EditRoleModal.tsx, 
C:/Users/rudyr/apps/mydetailarea/src/components/dealerships/DealerInvitationModal.tsx, 
C:/Users/rudyr/apps/mydetailarea/src/components/dealerships/DealershipModal.tsx, 
C:/Users/rudyr/apps/mydetailarea/src/components/detail-hub/EmployeePortal.tsx, 
C:/Users/rudyr/apps/mydetailarea/src/components/followers/AddFollowerModal.tsx, 
C:/Users/rudyr/apps/mydetailarea/src/components/get-ready/DeletedVehiclesDialog.tsx, 
C:/Users/rudyr/apps/mydetailarea/src/components/get-ready/GetReadySplitContent.tsx, 
C:/Users/rudyr/apps/mydetailarea/src/components/get-ready/VehicleDetailPanel.tsx, 
C:/Users/rudyr/apps/mydetailarea/src/components/get-ready/VehicleFormModal.tsx, 
C:/Users/rudyr/apps/mydetailarea/src/components/invitations/InvitationManagement.tsx, 
C:/Users/rudyr/apps/mydetailarea/src/components/mentions/MentionInput.tsx, 
C:/Users/rudyr/apps/mydetailarea/src/components/orders/EnhancedQRCodeBlock.tsx, 
C:/Users/rudyr/apps/mydetailarea/src/components/orders/OrderModal.tsx, 
C:/Users/rudyr/apps/mydetailarea/src/components/orders/RecentActivityBlock.tsx, 
C:/Users/rudyr/apps/mydetailarea/src/components/orders/ServiceOrderModal.tsx, 
C:/Users/rudyr/apps/mydetailarea/src/components/orders/UnifiedOrderDetailModal.tsx, 
C:/Users/rudyr/apps/mydetailarea/src/components/permissions/GranularPermissionManager.tsx, 
C:/Users/rudyr/apps/mydetailarea/src/components/permissions/ManageCustomRolesModal.tsx, 
C:/Users/rudyr/apps/mydetailarea/src/components/permissions/RoleAssignmentModal.tsx, 
C:/Users/rudyr/apps/mydetailarea/src/components/profile/ActivityAuditTab.tsx, 
C:/Users/rudyr/apps/mydetailarea/src/components/profile/DataPrivacyTab.tsx, 
C:/Users/rudyr/apps/mydetailarea/src/components/profile/NotificationsPreferencesTab.tsx, 
C:/Users/rudyr/apps/mydetailarea/src/components/reactions/CommentReactions.tsx, 
C:/Users/rudyr/apps/mydetailarea/src/components/reports/RecalculateOrderTotals.tsx, 
C:/Users/rudyr/apps/mydetailarea/src/components/reports/ReportFilters.tsx, 
C:/Users/rudyr/apps/mydetailarea/src/components/reports/invoices/CreateInvoiceDialog.tsx, 
C:/Users/rudyr/apps/mydetailarea/src/components/reports/invoices/VehicleInvoiceSearch.tsx, 
C:/Users/rudyr/apps/mydetailarea/src/components/reports/sections/InvoicesReport.tsx, 
C:/Users/rudyr/apps/mydetailarea/src/components/reports/sections/OperationalReports.tsx, 
C:/Users/rudyr/apps/mydetailarea/src/components/settings/IntegrationSettings.tsx, 
C:/Users/rudyr/apps/mydetailarea/src/components/settings/notifications/DealerChannelMatrix.tsx, 
C:/Users/rudyr/apps/mydetailarea/src/components/settings/notifications/NotificationTemplatesManager.tsx, 
C:/Users/rudyr/apps/mydetailarea/src/components/settings/platform/PlatformBrandingSettings.tsx, 
C:/Users/rudyr/apps/mydetailarea/src/components/settings/platform/PlatformGeneralSettings.tsx, 
C:/Users/rudyr/apps/mydetailarea/src/components/settings/security/SecurityAuditLogViewer.tsx, 
C:/Users/rudyr/apps/mydetailarea/src/components/stock/StockDMSConfig.tsx, 
C:/Users/rudyr/apps/mydetailarea/src/components/stock/StockInventoryTable.tsx, 
C:/Users/rudyr/apps/mydetailarea/src/components/stock/StockSyncHistory.tsx, 
C:/Users/rudyr/apps/mydetailarea/src/components/users/UnifiedUserManagement.tsx, 
C:/Users/rudyr/apps/mydetailarea/src/components/users/password/BulkPasswordOperations.tsx, 
C:/Users/rudyr/apps/mydetailarea/src/components/users/password/PasswordResetActions.tsx, 
C:/Users/rudyr/apps/mydetailarea/src/contexts/AuthContext.tsx, 
C:/Users/rudyr/apps/mydetailarea/src/contexts/DealershipContext.tsx, 
C:/Users/rudyr/apps/mydetailarea/src/contexts/GlobalChatProvider.tsx, 
C:/Users/rudyr/apps/mydetailarea/src/contexts/ServicesContext.tsx, 
C:/Users/rudyr/apps/mydetailarea/src/hooks/useAnnouncements.ts, 
C:/Users/rudyr/apps/mydetailarea/src/hooks/useAppointmentCapacity.tsx, 
C:/Users/rudyr/apps/mydetailarea/src/hooks/useApprovalHistory.tsx, 
C:/Users/rudyr/apps/mydetailarea/src/hooks/useAttachments.ts, 
C:/Users/rudyr/apps/mydetailarea/src/hooks/useAuthBranding.ts, 
C:/Users/rudyr/apps/mydetailarea/src/hooks/useCalendarData.tsx, 
C:/Users/rudyr/apps/mydetailarea/src/hooks/useCarWashOrderManagement.ts, 
C:/Users/rudyr/apps/mydetailarea/src/hooks/useChatConversations.tsx, 
C:/Users/rudyr/apps/mydetailarea/src/hooks/useChatMessages.tsx, 
C:/Users/rudyr/apps/mydetailarea/src/hooks/useContacts.ts, 
C:/Users/rudyr/apps/mydetailarea/src/hooks/useDashboardData.ts, 
C:/Users/rudyr/apps/mydetailarea/src/hooks/useDealershipLogo.ts, 
C:/Users/rudyr/apps/mydetailarea/src/hooks/useDealershipModules.tsx, 
C:/Users/rudyr/apps/mydetailarea/src/hooks/useDealershipUsers.tsx, 
C:/Users/rudyr/apps/mydetailarea/src/hooks/useDealerships.ts, 
C:/Users/rudyr/apps/mydetailarea/src/hooks/useDeliveryTracking.tsx, 
C:/Users/rudyr/apps/mydetailarea/src/hooks/useDetailHubDatabase.tsx, 
C:/Users/rudyr/apps/mydetailarea/src/hooks/useEmailContacts.ts, 
C:/Users/rudyr/apps/mydetailarea/src/hooks/useEnhancedNotifications.tsx, 
C:/Users/rudyr/apps/mydetailarea/src/hooks/useEventBasedNotificationPreferences.ts, 
C:/Users/rudyr/apps/mydetailarea/src/hooks/useFCMNotifications.tsx, 
C:/Users/rudyr/apps/mydetailarea/src/hooks/useFirebaseMessaging.ts, 
C:/Users/rudyr/apps/mydetailarea/src/hooks/useFollowers.ts, 
C:/Users/rudyr/apps/mydetailarea/src/hooks/useGetReady.tsx, 
C:/Users/rudyr/apps/mydetailarea/src/hooks/useGetReadyActivity.ts, 
C:/Users/rudyr/apps/mydetailarea/src/hooks/useGetReadyApprovalCount.tsx, 
C:/Users/rudyr/apps/mydetailarea/src/hooks/useGetReadyHistoricalAnalytics.ts, 
C:/Users/rudyr/apps/mydetailarea/src/hooks/useGetReadyNotifications.tsx, 
C:/Users/rudyr/apps/mydetailarea/src/hooks/useGetReadySLAConfig.ts, 
C:/Users/rudyr/apps/mydetailarea/src/hooks/useGetReadyUsers.tsx, 
C:/Users/rudyr/apps/mydetailarea/src/hooks/useGetReadyVehicles.tsx, 
C:/Users/rudyr/apps/mydetailarea/src/hooks/useGlobalSearch.ts, 
C:/Users/rudyr/apps/mydetailarea/src/hooks/useInvoiceComments.ts, 
C:/Users/rudyr/apps/mydetailarea/src/hooks/useInvoiceEmail.ts, 
C:/Users/rudyr/apps/mydetailarea/src/hooks/useInvoiceEmailHistory.ts, 
C:/Users/rudyr/apps/mydetailarea/src/hooks/useInvoices.ts, 
C:/Users/rudyr/apps/mydetailarea/src/hooks/useMaxAutoSync.ts, 
C:/Users/rudyr/apps/mydetailarea/src/hooks/useNFCManagement.tsx, 
C:/Users/rudyr/apps/mydetailarea/src/hooks/useNFCQueries.tsx, 
C:/Users/rudyr/apps/mydetailarea/src/hooks/useNFCWorkflows.tsx, 
C:/Users/rudyr/apps/mydetailarea/src/hooks/useNotificationRetry.tsx, 
C:/Users/rudyr/apps/mydetailarea/src/hooks/useOrderActions.tsx, 
C:/Users/rudyr/apps/mydetailarea/src/hooks/useOrderComments.ts, 
C:/Users/rudyr/apps/mydetailarea/src/hooks/useOrderContext.tsx, 
C:/Users/rudyr/apps/mydetailarea/src/hooks/useOrderManagement.ts, 
C:/Users/rudyr/apps/mydetailarea/src/hooks/usePasswordManagement.ts, 
C:/Users/rudyr/apps/mydetailarea/src/hooks/usePasswordPolicies.ts, 
C:/Users/rudyr/apps/mydetailarea/src/hooks/usePermissions.tsx, 
C:/Users/rudyr/apps/mydetailarea/src/hooks/usePlatformSettings.ts, 
C:/Users/rudyr/apps/mydetailarea/src/hooks/usePrintOrder.ts, 
C:/Users/rudyr/apps/mydetailarea/src/hooks/useProductivityCalendars.tsx, 
C:/Users/rudyr/apps/mydetailarea/src/hooks/useProductivityNotes.tsx, 
C:/Users/rudyr/apps/mydetailarea/src/hooks/useProductivityTodos.tsx, 
C:/Users/rudyr/apps/mydetailarea/src/hooks/useProfileAvatar.ts, 
C:/Users/rudyr/apps/mydetailarea/src/hooks/useProfileMutations.tsx, 
C:/Users/rudyr/apps/mydetailarea/src/hooks/useRealtimeSchedule.ts, 
C:/Users/rudyr/apps/mydetailarea/src/hooks/useRealtimeSubscription.ts, 
C:/Users/rudyr/apps/mydetailarea/src/hooks/useRecalculateInvoice.ts, 
C:/Users/rudyr/apps/mydetailarea/src/hooks/useRecentActivity.ts, 
C:/Users/rudyr/apps/mydetailarea/src/hooks/useRecentComments.ts, 
C:/Users/rudyr/apps/mydetailarea/src/hooks/useRecentInvoiceComments.ts, 
C:/Users/rudyr/apps/mydetailarea/src/hooks/useReconOrderManagement.ts, 
C:/Users/rudyr/apps/mydetailarea/src/hooks/useReportsData.tsx, 
C:/Users/rudyr/apps/mydetailarea/src/hooks/useRoleModuleAccess.tsx, 
C:/Users/rudyr/apps/mydetailarea/src/hooks/useRoleNotificationEvents.ts, 
C:/Users/rudyr/apps/mydetailarea/src/hooks/useSenderInfo.ts, 
C:/Users/rudyr/apps/mydetailarea/src/hooks/useServerExport.tsx, 
C:/Users/rudyr/apps/mydetailarea/src/hooks/useServiceOrderManagement.ts, 
C:/Users/rudyr/apps/mydetailarea/src/hooks/useSmartNotifications.tsx, 
C:/Users/rudyr/apps/mydetailarea/src/hooks/useStatusPermissions.tsx, 
C:/Users/rudyr/apps/mydetailarea/src/hooks/useStepAssignments.tsx, 
C:/Users/rudyr/apps/mydetailarea/src/hooks/useStepManagement.tsx, 
C:/Users/rudyr/apps/mydetailarea/src/hooks/useStockInventoryPaginated.ts, 
C:/Users/rudyr/apps/mydetailarea/src/hooks/useStockManagement.ts, 
C:/Users/rudyr/apps/mydetailarea/src/hooks/useStockPhotosForVehicle.ts, 
C:/Users/rudyr/apps/mydetailarea/src/hooks/useStockVehicleActivity.ts, 
C:/Users/rudyr/apps/mydetailarea/src/hooks/useSystemSettings.ts, 
C:/Users/rudyr/apps/mydetailarea/src/hooks/useTeamPerformance.ts, 
C:/Users/rudyr/apps/mydetailarea/src/hooks/useUserPreferences.tsx, 
C:/Users/rudyr/apps/mydetailarea/src/hooks/useUserPresence.tsx, 
C:/Users/rudyr/apps/mydetailarea/src/hooks/useUserProfile.tsx, 
C:/Users/rudyr/apps/mydetailarea/src/hooks/useUserSessions.tsx, 
C:/Users/rudyr/apps/mydetailarea/src/hooks/useVehicleActivityLog.ts, 
C:/Users/rudyr/apps/mydetailarea/src/hooks/useVehicleAutoPopulation.tsx, 
C:/Users/rudyr/apps/mydetailarea/src/hooks/useVehicleManagement.tsx, 
C:/Users/rudyr/apps/mydetailarea/src/hooks/useVehicleMedia.tsx, 
C:/Users/rudyr/apps/mydetailarea/src/hooks/useVehicleNoteReplies.ts, 
C:/Users/rudyr/apps/mydetailarea/src/hooks/useVehicleNotes.tsx, 
C:/Users/rudyr/apps/mydetailarea/src/hooks/useVehiclePhotos.ts, 
C:/Users/rudyr/apps/mydetailarea/src/hooks/useVehicleStatus.ts, 
C:/Users/rudyr/apps/mydetailarea/src/hooks/useVehicleStepHistory.ts, 
C:/Users/rudyr/apps/mydetailarea/src/hooks/useVehicleWorkItems.tsx, 
C:/Users/rudyr/apps/mydetailarea/src/hooks/useVendors.tsx, 
C:/Users/rudyr/apps/mydetailarea/src/hooks/useVinDecoding.tsx, 
C:/Users/rudyr/apps/mydetailarea/src/hooks/useWorkItemTemplates.tsx, 
C:/Users/rudyr/apps/mydetailarea/src/pages/Auth.tsx, C:/Users/rudyr/apps/mydetailarea/src/pages/DealerView.tsx, 
C:/Users/rudyr/apps/mydetailarea/src/pages/InvitationAccept.tsx, 
C:/Users/rudyr/apps/mydetailarea/src/pages/PublicReconData.tsx, 
C:/Users/rudyr/apps/mydetailarea/src/pages/QRRedirect.tsx, 
C:/Users/rudyr/apps/mydetailarea/src/pages/ResetPassword.tsx, C:/Users/rudyr/apps/mydetailarea/src/pages/Settings.tsx, 
C:/Users/rudyr/apps/mydetailarea/src/pages/VehicleDetailsPage.tsx, 
C:/Users/rudyr/apps/mydetailarea/src/services/notificationService.ts, 
C:/Users/rudyr/apps/mydetailarea/src/services/orderNumberService.ts, 
C:/Users/rudyr/apps/mydetailarea/src/services/pushNotificationHelper.ts, 
C:/Users/rudyr/apps/mydetailarea/src/services/pushNotificationService.ts, 
C:/Users/rudyr/apps/mydetailarea/src/services/shortLinkService.ts, 
C:/Users/rudyr/apps/mydetailarea/src/services/slackNotificationService.ts, 
C:/Users/rudyr/apps/mydetailarea/src/services/smsNotificationHelper.ts, 
C:/Users/rudyr/apps/mydetailarea/src/utils/mentionUtils.ts, 
C:/Users/rudyr/apps/mydetailarea/src/utils/notificationHelper.ts, 
C:/Users/rudyr/apps/mydetailarea/src/utils/photoFallback.ts, 
C:/Users/rudyr/apps/mydetailarea/src/utils/stockCSVHelpers.ts, dynamic import will not move module into another chunk.
[39m
[33m[plugin vite:reporter] 
(!) C:/Users/rudyr/apps/mydetailarea/src/utils/eventBus.ts is dynamically imported by 
C:/Users/rudyr/apps/mydetailarea/src/hooks/useCarWashOrderManagement.ts, 
C:/Users/rudyr/apps/mydetailarea/src/hooks/useCarWashOrderManagement.ts, 
C:/Users/rudyr/apps/mydetailarea/src/hooks/useReconOrderManagement.ts, 
C:/Users/rudyr/apps/mydetailarea/src/hooks/useReconOrderManagement.ts, 
C:/Users/rudyr/apps/mydetailarea/src/hooks/useServiceOrderManagement.ts, 
C:/Users/rudyr/apps/mydetailarea/src/hooks/useServiceOrderManagement.ts but also statically imported by 
C:/Users/rudyr/apps/mydetailarea/src/components/orders/OrderDataTable.tsx, 
C:/Users/rudyr/apps/mydetailarea/src/hooks/useStockManagement.ts, 
C:/Users/rudyr/apps/mydetailarea/src/pages/CarWash.tsx, C:/Users/rudyr/apps/mydetailarea/src/pages/ReconOrders.tsx, 
C:/Users/rudyr/apps/mydetailarea/src/pages/ServiceOrders.tsx, dynamic import will not move module into another chunk.
[39m
[33m[plugin vite:reporter] 
(!) C:/Users/rudyr/apps/mydetailarea/src/components/orders/OrderDataTable.tsx is dynamically imported by 
C:/Users/rudyr/apps/mydetailarea/src/pages/CarWash.tsx but also statically imported by 
C:/Users/rudyr/apps/mydetailarea/src/pages/ReconOrders.tsx, 
C:/Users/rudyr/apps/mydetailarea/src/pages/SalesOrders.tsx, 
C:/Users/rudyr/apps/mydetailarea/src/pages/ServiceOrders.tsx, dynamic import will not move module into another chunk.
[39m
computing gzip size...
[2mdist/[22m[32mregisterSW.js                                     [39m[1m[2m     0.14 kB[22m[1m[22m
[2mdist/[22m[32mmanifest.webmanifest                              [39m[1m[2m     0.85 kB[22m[1m[22m
[2mdist/[22m[32massets/barcodeDetectionWorker-Cpcv1bAv.js         [39m[1m[2m     1.40 kB[22m[1m[22m
[2mdist/[22m[32mindex.html                                        [39m[1m[2m     4.64 kB[22m[1m[22m[2m Γöé gzip:     1.62 kB[22m
[2mdist/[22m[32massets/vinOcrWorker-9csEk2tl.js                   [39m[1m[2m    17.69 kB[22m[1m[22m
[2mdist/[22m[32massets/dealership-hero-B-CQmZY1.jpg               [39m[1m[2m   130.68 kB[22m[1m[22m
[2mdist/[22m[32massets/zxingBarcodeWorker-C5jlOG48.js             [39m[1m[2m   391.37 kB[22m[1m[22m
[2mdist/[22m[32massets/ort-wasm-simd-threaded.jsep-B0T3yYHD.wasm  [39m[1m[2m21,596.02 kB[22m[1m[22m[2m Γöé gzip: 5,087.10 kB[22m
[2mdist/[22m[35massets/index-By5irI8j.css                         [39m[1m[2m   187.62 kB[22m[1m[22m[2m Γöé gzip:    30.36 kB[22m
[2mdist/[22m[36massets/fabric-canvas-l0sNRNKZ.js                  [39m[1m[2m     0.00 kB[22m[1m[22m[2m Γöé gzip:     0.02 kB[22m
[2mdist/[22m[36massets/opencv-l0sNRNKZ.js                         [39m[1m[2m     0.00 kB[22m[1m[22m[2m Γöé gzip:     0.02 kB[22m
[2mdist/[22m[36massets/huggingface-l0sNRNKZ.js                    [39m[1m[2m     0.00 kB[22m[1m[22m[2m Γöé gzip:     0.02 kB[22m
[2mdist/[22m[36massets/table-CyqHhsCf.js                          [39m[1m[2m     0.04 kB[22m[1m[22m[2m Γöé gzip:     0.06 kB[22m
[2mdist/[22m[36massets/dnd-CyqHhsCf.js                            [39m[1m[2m     0.04 kB[22m[1m[22m[2m Γöé gzip:     0.06 kB[22m
[2mdist/[22m[36massets/empty-module-DZ3tlZw6.js                   [39m[1m[2m     0.04 kB[22m[1m[22m[2m Γöé gzip:     0.06 kB[22m
[2mdist/[22m[36massets/dev-tools-nSnBRJFg.js                      [39m[1m[2m     0.22 kB[22m[1m[22m[2m Γöé gzip:     0.17 kB[22m
[2mdist/[22m[36massets/index-DRaeAmMG.js                          [39m[1m[2m     0.51 kB[22m[1m[22m[2m Γöé gzip:     0.36 kB[22m
[2mdist/[22m[36massets/useNFCQueries-ascsD86U.js                  [39m[1m[2m     4.16 kB[22m[1m[22m[2m Γöé gzip:     1.40 kB[22m
[2mdist/[22m[36massets/csvUtils-DNHzTjU0.js                       [39m[1m[2m     6.22 kB[22m[1m[22m[2m Γöé gzip:     2.51 kB[22m
[2mdist/[22m[36massets/useNFCManagement-Bhnn0R8O.js               [39m[1m[2m     6.28 kB[22m[1m[22m[2m Γöé gzip:     1.90 kB[22m
[2mdist/[22m[36massets/NFCVehicleTracker-BvDfzNlG.js              [39m[1m[2m     9.66 kB[22m[1m[22m[2m Γöé gzip:     2.68 kB[22m
[2mdist/[22m[36massets/browser-ponyfill-N8vgqaoX.js               [39m[1m[2m    10.31 kB[22m[1m[22m[2m Γöé gzip:     3.52 kB[22m
[2mdist/[22m[36massets/NFCLocationHeatmap-DOml3Bkr.js             [39m[1m[2m    11.33 kB[22m[1m[22m[2m Γöé gzip:     2.59 kB[22m
[2mdist/[22m[36massets/tesseract-BrVtcEcU.js                      [39m[1m[2m    15.45 kB[22m[1m[22m[2m Γöé gzip:     6.67 kB[22m
[2mdist/[22m[36massets/scanner-qr-lcXZYhNe.js                     [39m[1m[2m    16.66 kB[22m[1m[22m[2m Γöé gzip:     6.28 kB[22m
[2mdist/[22m[36massets/ui-components-DxBwI0K9.js                  [39m[1m[2m    16.73 kB[22m[1m[22m[2m Γöé gzip:     5.79 kB[22m
[2mdist/[22m[36massets/NFCDashboard-ClJiJWFT.js                   [39m[1m[2m    17.03 kB[22m[1m[22m[2m Γöé gzip:     4.24 kB[22m
[2mdist/[22m[36massets/NFCWorkflowManager-Phw9A710.js             [39m[1m[2m    17.14 kB[22m[1m[22m[2m Γöé gzip:     4.46 kB[22m
[2mdist/[22m[36massets/shadcn-ui--BulIq_u.js                      [39m[1m[2m    20.90 kB[22m[1m[22m[2m Γöé gzip:     7.11 kB[22m
[2mdist/[22m[36massets/react-router-CESUudmV.js                   [39m[1m[2m    23.79 kB[22m[1m[22m[2m Γöé gzip:     8.82 kB[22m
[2mdist/[22m[36massets/date-utils-iA3ZU1Fr.js                     [39m[1m[2m    27.81 kB[22m[1m[22m[2m Γöé gzip:     8.14 kB[22m
[2mdist/[22m[36massets/NFCTagManager-nVXOoHUU.js                  [39m[1m[2m    31.93 kB[22m[1m[22m[2m Γöé gzip:     7.07 kB[22m
[2mdist/[22m[36massets/query-DC2fv4pk.js                          [39m[1m[2m    39.72 kB[22m[1m[22m[2m Γöé gzip:    11.77 kB[22m
[2mdist/[22m[36massets/i18n-GlZDwo10.js                           [39m[1m[2m    46.23 kB[22m[1m[22m[2m Γöé gzip:    15.13 kB[22m
[2mdist/[22m[36massets/moment-utils-sgAgHLir.js                   [39m[1m[2m    60.80 kB[22m[1m[22m[2m Γöé gzip:    19.71 kB[22m
[2mdist/[22m[36massets/forms-C-bIktgl.js                          [39m[1m[2m    80.70 kB[22m[1m[22m[2m Γöé gzip:    22.20 kB[22m
[2mdist/[22m[36massets/icons-DytxoyFp.js                          [39m[1m[2m    82.88 kB[22m[1m[22m[2m Γöé gzip:    14.98 kB[22m
[2mdist/[22m[36massets/framer-motion-DkNfATSm.js                  [39m[1m[2m   115.51 kB[22m[1m[22m[2m Γöé gzip:    38.14 kB[22m
[2mdist/[22m[36massets/ui-radix-DQQOan-1.js                       [39m[1m[2m   132.40 kB[22m[1m[22m[2m Γöé gzip:    41.30 kB[22m
[2mdist/[22m[36massets/react-vendor-CGW8ol1_.js                   [39m[1m[2m   142.23 kB[22m[1m[22m[2m Γöé gzip:    45.61 kB[22m
[2mdist/[22m[36massets/supabase-CgoiCee1.js                       [39m[1m[2m   163.45 kB[22m[1m[22m[2m Γöé gzip:    41.77 kB[22m
[2mdist/[22m[36massets/charts-CTVc-0cc.js                         [39m[1m[2m   422.96 kB[22m[1m[22m[2m Γöé gzip:   110.48 kB[22m
[2mdist/[22m[36massets/pdf-export-CNYLZxAW.js                     [39m[1m[2m   443.07 kB[22m[1m[22m[2m Γöé gzip:   146.16 kB[22m
[2mdist/[22m[36massets/excel-export-BGa4OUC4.js                   [39m[1m[2m   939.71 kB[22m[1m[22m[2m Γöé gzip:   270.94 kB[22m
[2mdist/[22m[36massets/index-BU8ii89g.js                          [39m[1m[33m 3,594.43 kB[39m[22m[2m Γöé gzip:   878.57 kB[22m
[33m
(!) Some chunks are larger than 1000 kB after minification. Consider:
- Using dynamic import() to code-split the application
- Use build.rollupOptions.output.manualChunks to improve chunking: 
https://rollupjs.org/configuration-options/#output-manualchunks
- Adjust chunk size limit for this warning via build.chunkSizeWarningLimit.[39m
[32mΓ£ô built in 43.13s[39m

PWA v1.1.0
Building src/sw-custom.ts service worker ("es" format)...
[36mvite v6.4.1 [32mbuilding for production...[36m[39m
transforming...
[32mΓ£ô[39m 92 modules transformed.
rendering chunks...
computing gzip size...
[2mdist/[22m[36msw-custom.mjs  [39m[1m[2m26.51 kB[22m[1m[22m[2m Γöé gzip: 8.65 kB[22m
[32mΓ£ô built in 316ms[39m
[31merror during build:
Error: 
  Configure "injectManifest.maximumFileSizeToCacheInBytes" to change the limit: the default value is 2 MiB.
  Check https://vite-pwa-org.netlify.app/guide/faq.html#missing-assets-from-sw-precache-manifest for more information.
  Assets exceeding the limit:
  - assets/index-BU8ii89g.js is 3.59 MB, and won't be precached.
  - assets/ort-wasm-simd-threaded.jsep-B0T3yYHD.wasm is 21.6 MB, and won't be precached.

    at logWorkboxResult 
(file:///C:/Users/rudyr/apps/mydetailarea/node_modules/vite-plugin-pwa/dist/chunk-G4TAN34B.js:44:13)
    at buildSW (file:///C:/Users/rudyr/apps/mydetailarea/node_modules/vite-plugin-pwa/dist/vite-build-BGK4YAIU.js:50:3)
    at async generateInjectManifest 
(file:///C:/Users/rudyr/apps/mydetailarea/node_modules/vite-plugin-pwa/dist/index.js:224:3)
    at async _generateSW (file:///C:/Users/rudyr/apps/mydetailarea/node_modules/vite-plugin-pwa/dist/index.js:232:5)
    at async Object.handler 
(file:///C:/Users/rudyr/apps/mydetailarea/node_modules/vite-plugin-pwa/dist/index.js:427:13)
    at async PluginDriver.hookParallel 
(file:///C:/Users/rudyr/apps/mydetailarea/node_modules/rollup/dist/es/shared/node-entry.js:22341:17)
    at async Object.close 
(file:///C:/Users/rudyr/apps/mydetailarea/node_modules/rollup/dist/es/shared/node-entry.js:23360:13)
    at async buildEnvironment 
(file:///C:/Users/rudyr/apps/mydetailarea/node_modules/vite/dist/node/chunks/dep-D4NMHUTW.js:46258:17)
    at async Object.defaultBuildApp [as buildApp] 
(file:///C:/Users/rudyr/apps/mydetailarea/node_modules/vite/dist/node/chunks/dep-D4NMHUTW.js:46713:5)
    at async CAC.<anonymous> (file:///C:/Users/rudyr/apps/mydetailarea/node_modules/vite/dist/node/cli.js:863:7)[39m
